OK   assets/css/site.css
OK   assets/fonts/instrument-serif-italic.woff2
OK   assets/fonts/instrument-serif.woff2
OK   assets/fonts/inter-tight-var.woff2
OK   assets/img/greenmountain/gm-mision.jpg
OK   assets/img/hernan/poster-mission.jpg
OK   assets/img/hernan/poster-rooms.jpg
OK   assets/img/hernan/poster-salon.jpg
OK   assets/img/litigation/agreement-poster.jpg
OK   assets/img/litigation/architecture-poster.jpg
OK   assets/img/litigation/cover.jpg
OK   assets/img/litigation/evidence-types-poster.jpg
OK   assets/img/litigation/roadmap-poster.jpg
OK   assets/img/litigation/supply-chain-poster.jpg
OK   assets/img/litigation/supply-chain.mp4
OK   assets/img/loch/poster-agency.jpg
OK   assets/img/loch/poster-liugong.jpg
OK   assets/img/loch/poster-planasa.jpg
OK   assets/img/loch/poster-tabiques.jpg
OK   assets/og.png
DONE
